
> my-app@0.1.0 build
> next build --turbopack

   Ôû▓ Next.js 15.5.4 (Turbopack)
   - Environments: .env

   Creating an optimized production build ...
 Ô£ô Finished writing to disk in 103ms
node.exe : 
No linha:1 caractere:1
+ & "C:\Program Files\nodejs/node.exe" "C:\Users\foxyg\AppData\Roaming\ ...
+ ~~~~~~~~~~~~~~~~~~~~~~~~~~~~~~~~~~~~~~~~~~~~~~~~~~~~~~~~~~~~~~~~~~~~~
    + CategoryInfo          : NotSpecified: (:String) [], RemoteException
    + FullyQualifiedErrorId : NativeCommandError
 
> Build error occurred
Error: Turbopack build failed with 7 errors:
./tsconfig.json:1:1
An issue occurred while parsing a tsconfig.json file.
[0m[31m[1m>[22m[39m[90m 1 |[39m ´╗┐{
 [90m   |[39m [31m[1m^[22m[39m[31m[1m^[22m[39m[31m[1m^[22m[39m
 [90m 2 |[39m     [32m"compilerOptions"[39m[33m:[39m  {
 [90m 3 |[39m                             [32m"target"[39m[33m:[39m  [32m"ES2017"[39m[33m,[39m
 [90m 4 |[39m                             [32m"lib"[39m[33m:[39m  [[0m

tsconfig is not parseable: invalid JSON: Unexpected token


./tsconfig.json:1:1
An issue occurred while parsing a tsconfig.json file.
[0m[31m[1m>[22m[39m[90m 1 |[39m ´╗┐{
 [90m   |[39m [31m[1m^[22m[39m[31m[1m^[22m[39m[31m[1m^[22m[39m
 [90m 2 |[39m     [32m"compilerOptions"[39m[33m:[39m  {
 [90m 3 |[39m                             [32m"target"[39m[33m:[39m  [32m"ES2017"[39m[33m,[39m
 [90m 4 |[39m                             [32m"lib"[39m[33m:[39m  [[0m

tsconfig is not parseable: invalid JSON: Unexpected token


./tsconfig.json:1:1
An issue occurred while parsing a tsconfig.json file.
[0m[31m[1m>[22m[39m[90m 1 |[39m ´╗┐{
 [90m   |[39m [31m[1m^[22m[39m[31m[1m^[22m[39m[31m[1m^[22m[39m
 [90m 2 |[39m     [32m"compilerOptions"[39m[33m:[39m  {
 [90m 3 |[39m                             [32m"target"[39m[33m:[39m  [32m"ES2017"[39m[33m,[39m
 [90m 4 |[39m                             [32m"lib"[39m[33m:[39m  [[0m

tsconfig is not parseable: invalid JSON: Unexpected token


./tsconfig.json:1:1
An issue occurred while parsing a tsconfig.json file.
[0m[31m[1m>[22m[39m[90m 1 |[39m ´╗┐{
 [90m   |[39m [31m[1m^[22m[39m[31m[1m^[22m[39m[31m[1m^[22m[39m
 [90m 2 |[39m     [32m"compilerOptions"[39m[33m:[39m  {
 [90m 3 |[39m                             [32m"target"[39m[33m:[39m  [32m"ES2017"[39m[33m,[39m
 [90m 4 |[39m                             [32m"lib"[39m[33m:[39m  [[0m

tsconfig is not parseable: invalid JSON: Unexpected token


./tsconfig.json:1:1
An issue occurred while parsing a tsconfig.json file.
[0m[31m[1m>[22m[39m[90m 1 |[39m ´╗┐{
 [90m   |[39m [31m[1m^[22m[39m[31m[1m^[22m[39m[31m[1m^[22m[39m
 [90m 2 |[39m     [32m"compilerOptions"[39m[33m:[39m  {
 [90m 3 |[39m                             [32m"target"[39m[33m:[39m  [32m"ES2017"[39m[33m,[39m
 [90m 4 |[39m                             [32m"lib"[39m[33m:[39m  [[0m

tsconfig is not parseable: invalid JSON: Unexpected token


./tsconfig.json:1:1
An issue occurred while parsing a tsconfig.json file.
[0m[31m[1m>[22m[39m[90m 1 |[39m ´╗┐{
 [90m   |[39m [31m[1m^[22m[39m[31m[1m^[22m[39m[31m[1m^[22m[39m
 [90m 2 |[39m     [32m"compilerOptions"[39m[33m:[39m  {
 [90m 3 |[39m                             [32m"target"[39m[33m:[39m  [32m"ES2017"[39m[33m,[39m
 [90m 4 |[39m                             [32m"lib"[39m[33m:[39m  [[0m

tsconfig is not parseable: invalid JSON: Unexpected token


./tsconfig.json:1:1
An issue occurred while parsing a tsconfig.json file.
[0m[31m[1m>[22m[39m[90m 1 |[39m ´╗┐{
 [90m   |[39m [31m[1m^[22m[39m[31m[1m^[22m[39m[31m[1m^[22m[39m
 [90m 2 |[39m     [32m"compilerOptions"[39m[33m:[39m  {
 [90m 3 |[39m                             [32m"target"[39m[33m:[39m  [32m"ES2017"[39m[33m,[39m
 [90m 4 |[39m                             [32m"lib"[39m[33m:[39m  [[0m

tsconfig is not parseable: invalid JSON: Unexpected token


    at <unknown> (./tsconfig.json:1:1)
    at <unknown> (./tsconfig.json:1:1)
    at <unknown> (./tsconfig.json:1:1)
    at <unknown> (./tsconfig.json:1:1)
    at <unknown> (./tsconfig.json:1:1)
    at <unknown> (./tsconfig.json:1:1)
    at <unknown> (./tsconfig.json:1:1)
